// Vitest Snapshot v1

exports[`<Test /> > should render the Test heading 1`] = `
<div
  class="c-PJLV"
>
  <h1>
    Test
  </h1>
</div>
`;
